mkdir: /Volumes/External: Permission denied
cp: /Volumes/External/dev/.backups/2026-08-15/config.json: No such file or directory
cp: /Volumes/External/dev/.backups/2026-08-15/MEMORY.md: No such file or directory
cp: /Volumes/External/dev/.backups/2026-08-15/memory_summary.md: No such file or directory
/Users/vitaliyr/dev/backup-interpreter-config.sh:14: no such file or directory: /Volumes/External/dev/.backups/backup-log.txt
mkdir: /Volumes/External: Permission denied
cp: /Volumes/External/dev/.backups/2026-08-16/config.json: No such file or directory
cp: /Volumes/External/dev/.backups/2026-08-16/MEMORY.md: No such file or directory
cp: /Volumes/External/dev/.backups/2026-08-16/memory_summary.md: No such file or directory
/Users/vitaliyr/dev/backup-interpreter-config.sh:14: no such file or directory: /Volumes/External/dev/.backups/backup-log.txt
mkdir: /Volumes/External: Permission denied
cp: /Volumes/External/dev/.backups/2026-08-17/config.json: No such file or directory
cp: /Volumes/External/dev/.backups/2026-08-17/MEMORY.md: No such file or directory
cp: /Volumes/External/dev/.backups/2026-08-17/memory_summary.md: No such file or directory
/Users/vitaliyr/dev/backup-interpreter-config.sh:14: no such file or directory: /Volumes/External/dev/.backups/backup-log.txt
mkdir: /Volumes/External: Permission denied
cp: /Volumes/External/dev/.backups/2026-08-18/config.json: No such file or directory
cp: /Volumes/External/dev/.backups/2026-08-18/MEMORY.md: No such file or directory
cp: /Volumes/External/dev/.backups/2026-08-18/memory_summary.md: No such file or directory
/Users/vitaliyr/dev/backup-interpreter-config.sh:14: no such file or directory: /Volumes/External/dev/.backups/backup-log.txt
mkdir: /Volumes/External: Permission denied
cp: /Volumes/External/dev/.backups/2026-08-19/config.json: No such file or directory
cp: /Volumes/External/dev/.backups/2026-08-19/MEMORY.md: No such file or directory
cp: /Volumes/External/dev/.backups/2026-08-19/memory_summary.md: No such file or directory
/Users/vitaliyr/dev/backup-interpreter-config.sh:14: no such file or directory: /Volumes/External/dev/.backups/backup-log.txt
